// Jest Snapshot v1, https://goo.gl/fbAQLP

exports[`Header 组件 渲染样式正常 1`] = `
<div
  className="header"
>
  <div
    className="header_content"
  >
    TodoList
    <input
      className="header_input"
      data-test="input"
      onChange={[Function]}
      onKeyUp={[Function]}
      placeholder="todo"
      value=""
    />
  </div>
</div>
`;

exports[`header 渲染样式正常 1`] = `
<div
  className="header"
>
  <div
    className="header_content"
  >
    TodoList
    <input
      className="header_input"
      data-test="input"
      onChange={[Function]}
      onKeyUp={[Function]}
      placeholder="todo"
      value=""
    />
  </div>
</div>
`;
