// Jest Snapshot v1, https://goo.gl/fbAQLP

exports[`未完成列表当数据未空数组时 count 数目为0 列表无内容 1`] = `
<div>
  UndoList
</div>
`;
